// Jest Snapshot v1, https://goo.gl/fbAQLP

exports[`UrlForm should match the snapshot 1`] = `
<form>
  <input
    name="title"
    onChange={[Function]}
    placeholder="Title..."
    type="text"
    value=""
  />
  <input
    name="urlToShorten"
    onChange={[Function]}
    placeholder="URL to Shorten..."
    type="text"
    value=""
  />
  <button
    onClick={[Function]}
  >
    Shorten Please!
  </button>
</form>
`;
